// Jest Snapshot v1, https://goo.gl/fbAQLP

exports[`SearchBar should match the snapShot 1`] = `undefined`;
