// Jest Snapshot v1, https://goo.gl/fbAQLP

exports[`FavoriteBtn should match the snapshot 1`] = `undefined`;
