// Jest Snapshot v1, https://goo.gl/fbAQLP

exports[`MoviesList should match the snapshot MoviesList 1`] = `
ShallowWrapper {
  Symbol(enzyme.__root__): [Circular],
  Symbol(enzyme.__unrendered__): <MoviesList
    movies={Object {}}
    setFavorites={
      [MockFunction] {
        "calls": Array [
          Array [
            2,
          ],
        ],
        "results": Array [
          Object {
            "isThrow": false,
            "value": undefined,
          },
        ],
      }
    }
    setFetchedMovies={
      [MockFunction] {
        "calls": Array [
          Array [
            Object {},
          ],
        ],
        "results": Array [
          Object {
            "isThrow": false,
            "value": undefined,
          },
        ],
      }
    }
    user={
      Object {
        "id": 2,
        "name": "Laura",
      }
    }
  />,
  Symbol(enzyme.__renderer__): Object {
    "batchedUpdates": [Function],
    "getNode": [Function],
    "render": [Function],
    "simulateError": [Function],
    "simulateEvent": [Function],
    "unmount": [Function],
  },
  Symbol(enzyme.__node__): Object {
    "instance": null,
    "key": undefined,
    "nodeType": "host",
    "props": Object {
      "children": Array [
        <header>
          <section
            className="header-wrapper"
          >
            <section
              className="left-side-header-btns"
            >
              <Connect(LogButton) />
              <Connect(ShowFavoritesBtn) />
            </section>
            <Connect(Filters) />
            <Connect(SearchBar) />
          </section>
        </header>,
        <section
          className="movies-wrapper"
        >
          <div
            className="movies-stripe"
          />
          
        </section>,
        <footer>
          <div
            className="footer-wrap"
          >
            <section
              className="logo-footer-section"
            >
              <Logo />
              <h1>
                <span>
                  movie
                </span>
                Tracker
              </h1>
            </section>
            <section
              className="scroll-social-wrapper"
            >
              <i
                className="fab fa-facebook scroll-social"
              />
              <i
                className="fab fa-instagram scroll-social"
              />
              <i
                className="fab fa-twitter scroll-social"
              />
            </section>
            <h3
              className="footer-copyright"
            >
              © 2018 MovieTracker - All Rights Reserved
            </h3>
          </div>
        </footer>,
      ],
      "className": "movies-list",
    },
    "ref": null,
    "rendered": Array [
      Object {
        "instance": null,
        "key": undefined,
        "nodeType": "host",
        "props": Object {
          "children": <section
            className="header-wrapper"
          >
            <section
              className="left-side-header-btns"
            >
              <Connect(LogButton) />
              <Connect(ShowFavoritesBtn) />
            </section>
            <Connect(Filters) />
            <Connect(SearchBar) />
          </section>,
        },
        "ref": null,
        "rendered": Object {
          "instance": null,
          "key": undefined,
          "nodeType": "host",
          "props": Object {
            "children": Array [
              <section
                className="left-side-header-btns"
              >
                <Connect(LogButton) />
                <Connect(ShowFavoritesBtn) />
              </section>,
              <Connect(Filters) />,
              <Connect(SearchBar) />,
            ],
            "className": "header-wrapper",
          },
          "ref": null,
          "rendered": Array [
            Object {
              "instance": null,
              "key": undefined,
              "nodeType": "host",
              "props": Object {
                "children": Array [
                  <Connect(LogButton) />,
                  <Connect(ShowFavoritesBtn) />,
                ],
                "className": "left-side-header-btns",
              },
              "ref": null,
              "rendered": Array [
                Object {
                  "instance": null,
                  "key": undefined,
                  "nodeType": "class",
                  "props": Object {},
                  "ref": null,
                  "rendered": null,
                  "type": [Function],
                },
                Object {
                  "instance": null,
                  "key": undefined,
                  "nodeType": "class",
                  "props": Object {},
                  "ref": null,
                  "rendered": null,
                  "type": [Function],
                },
              ],
              "type": "section",
            },
            Object {
              "instance": null,
              "key": undefined,
              "nodeType": "class",
              "props": Object {},
              "ref": null,
              "rendered": null,
              "type": [Function],
            },
            Object {
              "instance": null,
              "key": undefined,
              "nodeType": "class",
              "props": Object {},
              "ref": null,
              "rendered": null,
              "type": [Function],
            },
          ],
          "type": "section",
        },
        "type": "header",
      },
      Object {
        "instance": null,
        "key": undefined,
        "nodeType": "host",
        "props": Object {
          "children": Array [
            <div
              className="movies-stripe"
            />,
            "",
          ],
          "className": "movies-wrapper",
        },
        "ref": null,
        "rendered": Array [
          Object {
            "instance": null,
            "key": undefined,
            "nodeType": "host",
            "props": Object {
              "className": "movies-stripe",
            },
            "ref": null,
            "rendered": null,
            "type": "div",
          },
          "",
        ],
        "type": "section",
      },
      Object {
        "instance": null,
        "key": undefined,
        "nodeType": "host",
        "props": Object {
          "children": <div
            className="footer-wrap"
          >
            <section
              className="logo-footer-section"
            >
              <Logo />
              <h1>
                <span>
                  movie
                </span>
                Tracker
              </h1>
            </section>
            <section
              className="scroll-social-wrapper"
            >
              <i
                className="fab fa-facebook scroll-social"
              />
              <i
                className="fab fa-instagram scroll-social"
              />
              <i
                className="fab fa-twitter scroll-social"
              />
            </section>
            <h3
              className="footer-copyright"
            >
              © 2018 MovieTracker - All Rights Reserved
            </h3>
          </div>,
        },
        "ref": null,
        "rendered": Object {
          "instance": null,
          "key": undefined,
          "nodeType": "host",
          "props": Object {
            "children": Array [
              <section
                className="logo-footer-section"
              >
                <Logo />
                <h1>
                  <span>
                    movie
                  </span>
                  Tracker
                </h1>
              </section>,
              <section
                className="scroll-social-wrapper"
              >
                <i
                  className="fab fa-facebook scroll-social"
                />
                <i
                  className="fab fa-instagram scroll-social"
                />
                <i
                  className="fab fa-twitter scroll-social"
                />
              </section>,
              <h3
                className="footer-copyright"
              >
                © 2018 MovieTracker - All Rights Reserved
              </h3>,
            ],
            "className": "footer-wrap",
          },
          "ref": null,
          "rendered": Array [
            Object {
              "instance": null,
              "key": undefined,
              "nodeType": "host",
              "props": Object {
                "children": Array [
                  <Logo />,
                  <h1>
                    <span>
                      movie
                    </span>
                    Tracker
                  </h1>,
                ],
                "className": "logo-footer-section",
              },
              "ref": null,
              "rendered": Array [
                Object {
                  "instance": null,
                  "key": undefined,
                  "nodeType": "function",
                  "props": Object {},
                  "ref": null,
                  "rendered": null,
                  "type": [Function],
                },
                Object {
                  "instance": null,
                  "key": undefined,
                  "nodeType": "host",
                  "props": Object {
                    "children": Array [
                      <span>
                        movie
                      </span>,
                      "Tracker",
                    ],
                  },
                  "ref": null,
                  "rendered": Array [
                    Object {
                      "instance": null,
                      "key": undefined,
                      "nodeType": "host",
                      "props": Object {
                        "children": "movie",
                      },
                      "ref": null,
                      "rendered": "movie",
                      "type": "span",
                    },
                    "Tracker",
                  ],
                  "type": "h1",
                },
              ],
              "type": "section",
            },
            Object {
              "instance": null,
              "key": undefined,
              "nodeType": "host",
              "props": Object {
                "children": Array [
                  <i
                    className="fab fa-facebook scroll-social"
                  />,
                  <i
                    className="fab fa-instagram scroll-social"
                  />,
                  <i
                    className="fab fa-twitter scroll-social"
                  />,
                ],
                "className": "scroll-social-wrapper",
              },
              "ref": null,
              "rendered": Array [
                Object {
                  "instance": null,
                  "key": undefined,
                  "nodeType": "host",
                  "props": Object {
                    "className": "fab fa-facebook scroll-social",
                  },
                  "ref": null,
                  "rendered": null,
                  "type": "i",
                },
                Object {
                  "instance": null,
                  "key": undefined,
                  "nodeType": "host",
                  "props": Object {
                    "className": "fab fa-instagram scroll-social",
                  },
                  "ref": null,
                  "rendered": null,
                  "type": "i",
                },
                Object {
                  "instance": null,
                  "key": undefined,
                  "nodeType": "host",
                  "props": Object {
                    "className": "fab fa-twitter scroll-social",
                  },
                  "ref": null,
                  "rendered": null,
                  "type": "i",
                },
              ],
              "type": "section",
            },
            Object {
              "instance": null,
              "key": undefined,
              "nodeType": "host",
              "props": Object {
                "children": "© 2018 MovieTracker - All Rights Reserved",
                "className": "footer-copyright",
              },
              "ref": null,
              "rendered": "© 2018 MovieTracker - All Rights Reserved",
              "type": "h3",
            },
          ],
          "type": "div",
        },
        "type": "footer",
      },
    ],
    "type": "div",
  },
  Symbol(enzyme.__nodes__): Array [
    Object {
      "instance": null,
      "key": undefined,
      "nodeType": "host",
      "props": Object {
        "children": Array [
          <header>
            <section
              className="header-wrapper"
            >
              <section
                className="left-side-header-btns"
              >
                <Connect(LogButton) />
                <Connect(ShowFavoritesBtn) />
              </section>
              <Connect(Filters) />
              <Connect(SearchBar) />
            </section>
          </header>,
          <section
            className="movies-wrapper"
          >
            <div
              className="movies-stripe"
            />
            
          </section>,
          <footer>
            <div
              className="footer-wrap"
            >
              <section
                className="logo-footer-section"
              >
                <Logo />
                <h1>
                  <span>
                    movie
                  </span>
                  Tracker
                </h1>
              </section>
              <section
                className="scroll-social-wrapper"
              >
                <i
                  className="fab fa-facebook scroll-social"
                />
                <i
                  className="fab fa-instagram scroll-social"
                />
                <i
                  className="fab fa-twitter scroll-social"
                />
              </section>
              <h3
                className="footer-copyright"
              >
                © 2018 MovieTracker - All Rights Reserved
              </h3>
            </div>
          </footer>,
        ],
        "className": "movies-list",
      },
      "ref": null,
      "rendered": Array [
        Object {
          "instance": null,
          "key": undefined,
          "nodeType": "host",
          "props": Object {
            "children": <section
              className="header-wrapper"
            >
              <section
                className="left-side-header-btns"
              >
                <Connect(LogButton) />
                <Connect(ShowFavoritesBtn) />
              </section>
              <Connect(Filters) />
              <Connect(SearchBar) />
            </section>,
          },
          "ref": null,
          "rendered": Object {
            "instance": null,
            "key": undefined,
            "nodeType": "host",
            "props": Object {
              "children": Array [
                <section
                  className="left-side-header-btns"
                >
                  <Connect(LogButton) />
                  <Connect(ShowFavoritesBtn) />
                </section>,
                <Connect(Filters) />,
                <Connect(SearchBar) />,
              ],
              "className": "header-wrapper",
            },
            "ref": null,
            "rendered": Array [
              Object {
                "instance": null,
                "key": undefined,
                "nodeType": "host",
                "props": Object {
                  "children": Array [
                    <Connect(LogButton) />,
                    <Connect(ShowFavoritesBtn) />,
                  ],
                  "className": "left-side-header-btns",
                },
                "ref": null,
                "rendered": Array [
                  Object {
                    "instance": null,
                    "key": undefined,
                    "nodeType": "class",
                    "props": Object {},
                    "ref": null,
                    "rendered": null,
                    "type": [Function],
                  },
                  Object {
                    "instance": null,
                    "key": undefined,
                    "nodeType": "class",
                    "props": Object {},
                    "ref": null,
                    "rendered": null,
                    "type": [Function],
                  },
                ],
                "type": "section",
              },
              Object {
                "instance": null,
                "key": undefined,
                "nodeType": "class",
                "props": Object {},
                "ref": null,
                "rendered": null,
                "type": [Function],
              },
              Object {
                "instance": null,
                "key": undefined,
                "nodeType": "class",
                "props": Object {},
                "ref": null,
                "rendered": null,
                "type": [Function],
              },
            ],
            "type": "section",
          },
          "type": "header",
        },
        Object {
          "instance": null,
          "key": undefined,
          "nodeType": "host",
          "props": Object {
            "children": Array [
              <div
                className="movies-stripe"
              />,
              "",
            ],
            "className": "movies-wrapper",
          },
          "ref": null,
          "rendered": Array [
            Object {
              "instance": null,
              "key": undefined,
              "nodeType": "host",
              "props": Object {
                "className": "movies-stripe",
              },
              "ref": null,
              "rendered": null,
              "type": "div",
            },
            "",
          ],
          "type": "section",
        },
        Object {
          "instance": null,
          "key": undefined,
          "nodeType": "host",
          "props": Object {
            "children": <div
              className="footer-wrap"
            >
              <section
                className="logo-footer-section"
              >
                <Logo />
                <h1>
                  <span>
                    movie
                  </span>
                  Tracker
                </h1>
              </section>
              <section
                className="scroll-social-wrapper"
              >
                <i
                  className="fab fa-facebook scroll-social"
                />
                <i
                  className="fab fa-instagram scroll-social"
                />
                <i
                  className="fab fa-twitter scroll-social"
                />
              </section>
              <h3
                className="footer-copyright"
              >
                © 2018 MovieTracker - All Rights Reserved
              </h3>
            </div>,
          },
          "ref": null,
          "rendered": Object {
            "instance": null,
            "key": undefined,
            "nodeType": "host",
            "props": Object {
              "children": Array [
                <section
                  className="logo-footer-section"
                >
                  <Logo />
                  <h1>
                    <span>
                      movie
                    </span>
                    Tracker
                  </h1>
                </section>,
                <section
                  className="scroll-social-wrapper"
                >
                  <i
                    className="fab fa-facebook scroll-social"
                  />
                  <i
                    className="fab fa-instagram scroll-social"
                  />
                  <i
                    className="fab fa-twitter scroll-social"
                  />
                </section>,
                <h3
                  className="footer-copyright"
                >
                  © 2018 MovieTracker - All Rights Reserved
                </h3>,
              ],
              "className": "footer-wrap",
            },
            "ref": null,
            "rendered": Array [
              Object {
                "instance": null,
                "key": undefined,
                "nodeType": "host",
                "props": Object {
                  "children": Array [
                    <Logo />,
                    <h1>
                      <span>
                        movie
                      </span>
                      Tracker
                    </h1>,
                  ],
                  "className": "logo-footer-section",
                },
                "ref": null,
                "rendered": Array [
                  Object {
                    "instance": null,
                    "key": undefined,
                    "nodeType": "function",
                    "props": Object {},
                    "ref": null,
                    "rendered": null,
                    "type": [Function],
                  },
                  Object {
                    "instance": null,
                    "key": undefined,
                    "nodeType": "host",
                    "props": Object {
                      "children": Array [
                        <span>
                          movie
                        </span>,
                        "Tracker",
                      ],
                    },
                    "ref": null,
                    "rendered": Array [
                      Object {
                        "instance": null,
                        "key": undefined,
                        "nodeType": "host",
                        "props": Object {
                          "children": "movie",
                        },
                        "ref": null,
                        "rendered": "movie",
                        "type": "span",
                      },
                      "Tracker",
                    ],
                    "type": "h1",
                  },
                ],
                "type": "section",
              },
              Object {
                "instance": null,
                "key": undefined,
                "nodeType": "host",
                "props": Object {
                  "children": Array [
                    <i
                      className="fab fa-facebook scroll-social"
                    />,
                    <i
                      className="fab fa-instagram scroll-social"
                    />,
                    <i
                      className="fab fa-twitter scroll-social"
                    />,
                  ],
                  "className": "scroll-social-wrapper",
                },
                "ref": null,
                "rendered": Array [
                  Object {
                    "instance": null,
                    "key": undefined,
                    "nodeType": "host",
                    "props": Object {
                      "className": "fab fa-facebook scroll-social",
                    },
                    "ref": null,
                    "rendered": null,
                    "type": "i",
                  },
                  Object {
                    "instance": null,
                    "key": undefined,
                    "nodeType": "host",
                    "props": Object {
                      "className": "fab fa-instagram scroll-social",
                    },
                    "ref": null,
                    "rendered": null,
                    "type": "i",
                  },
                  Object {
                    "instance": null,
                    "key": undefined,
                    "nodeType": "host",
                    "props": Object {
                      "className": "fab fa-twitter scroll-social",
                    },
                    "ref": null,
                    "rendered": null,
                    "type": "i",
                  },
                ],
                "type": "section",
              },
              Object {
                "instance": null,
                "key": undefined,
                "nodeType": "host",
                "props": Object {
                  "children": "© 2018 MovieTracker - All Rights Reserved",
                  "className": "footer-copyright",
                },
                "ref": null,
                "rendered": "© 2018 MovieTracker - All Rights Reserved",
                "type": "h3",
              },
            ],
            "type": "div",
          },
          "type": "footer",
        },
      ],
      "type": "div",
    },
  ],
  Symbol(enzyme.__options__): Object {
    "adapter": ReactSixteenAdapter {
      "options": Object {
        "enableComponentDidUpdateOnSetState": true,
        "lifecycles": Object {
          "componentDidUpdate": Object {
            "onSetState": true,
          },
          "getDerivedStateFromProps": true,
          "getSnapshotBeforeUpdate": true,
          "setState": Object {
            "skipsComponentDidUpdateOnNullish": true,
          },
        },
      },
    },
  },
}
`;
